[25сент.2026 17:37:47.101] [main/INFO] [cpw.mods.modlauncher.Launcher/MODLAUNCHER]: ModLauncher running: args [--launchTarget, forgedatadev, --assetIndex, 17, --assetsDir, C:\\Users\\Affect\\.gradle\\caches\\neoformruntime\\assets, --gameDir, ., --fml.fmlVersion, 4.0.43, --fml.mcVersion, 1.21.1, --fml.neoForgeVersion, 21.1.241, --fml.neoFormVersion, 20240808.144430, --mod, revivalages, --all, --output, B:\Minecraft mods\Revival-Ages\src\generated\resources, --existing, B:\Minecraft mods\Revival-Ages\src\main\resources]
[25сент.2026 17:37:47.107] [main/INFO] [cpw.mods.modlauncher.Launcher/MODLAUNCHER]: JVM identified as Eclipse Adoptium OpenJDK 64-Bit Server VM 21.0.7+6-LTS
[25сент.2026 17:37:47.111] [main/INFO] [cpw.mods.modlauncher.Launcher/MODLAUNCHER]: ModLauncher 11.0.5+main.901c6ea8 starting: java version 21.0.7 by Eclipse Adoptium; OS Windows 10 arch amd64 version 10.0
[25сент.2026 17:37:47.317] [main/INFO] [net.neoforged.fml.loading.ImmediateWindowHandler/]: ImmediateWindowProvider not loading because launch target is forgedatadev
[25сент.2026 17:37:47.428] [main/INFO] [mixin/]: SpongePowered MIXIN Subsystem Version=0.8.7 Source=union:/C:/Users/Affect/.gradle/caches/modules-2/files-2.1/net.fabricmc/sponge-mixin/0.15.2+mixin.0.8.7/2af2f021d8e02a0220dc27a7a72b4666d66d44ca/sponge-mixin-0.15.2+mixin.0.8.7.jar%23138!/ Service=ModLauncher Env=CLIENT
[25сент.2026 17:37:48.180] [main/INFO] [net.neoforged.fml.loading.moddiscovery.locators.JarInJarDependencyLocator/]: Found 2 dependencies adding them to mods collection
[25сент.2026 17:37:48.184] [main/INFO] [net.neoforged.fml.loading.moddiscovery.ModDiscoverer/]: 
     Mod List:
		Name Version (Mod Id)

		Minecraft 1.21.1 (minecraft)
		NeoForge 21.1.241 (neoforge)
		Revival Ages 0.1.0 (revivalages)
[25сент.2026 17:37:50.636] [main/INFO] [mixin/]: Compatibility level set to JAVA_21
[25сент.2026 17:37:50.686] [main/INFO] [cpw.mods.modlauncher.LaunchServiceHandler/MODLAUNCHER]: Launching target 'forgedatadev' with arguments [--gameDir, ., --assetsDir, C:\Users\Affect\.gradle\caches\neoformruntime\assets, --assetIndex, 17, --mod, revivalages, --all, --output, B:\Minecraft mods\Revival-Ages\src\generated\resources, --existing, B:\Minecraft mods\Revival-Ages\src\main\resources]
[25сент.2026 17:37:51.888] [main/INFO] [net.neoforged.neoforge.data.loading.DatagenModLoader/]: Initializing Data Gatherer for mods [revivalages]
[25сент.2026 17:37:51.934] [main/INFO] [MixinExtras|Service/]: Initializing MixinExtras via com.llamalad7.mixinextras.service.MixinExtrasServiceImpl(version=0.5.3).
[25сент.2026 17:38:04.805] [modloading-worker-0/INFO] [net.neoforged.neoforge.common.NeoForgeMod/NEOFORGE-MOD]: NeoForge mod loading, version 21.1.241, for MC 1.21.1
[25сент.2026 17:38:07.504] [main/WARN] [net.minecraft.server.packs.VanillaPackResourcesBuilder/]: Assets URL 'union:/B:/Minecraft%20mods/Revival-Ages/build/moddev/artifacts/neoforge-21.1.241.jar%23189!/assets/.mcassetsroot' uses unexpected schema
[25сент.2026 17:38:07.505] [main/WARN] [net.minecraft.server.packs.VanillaPackResourcesBuilder/]: Assets URL 'union:/B:/Minecraft%20mods/Revival-Ages/build/moddev/artifacts/neoforge-21.1.241.jar%23189!/data/.mcassetsroot' uses unexpected schema
[25сент.2026 17:38:07.880] [main/INFO] [net.minecraft.data.DataGenerator/]: Starting provider: Revival Ages Item Size Data Maps
[25сент.2026 17:38:08.252] [main/INFO] [net.minecraft.data.DataGenerator/]: Revival Ages Item Size Data Maps finished after 373 ms
[25сент.2026 17:38:08.252] [main/INFO] [net.minecraft.data.DataGenerator/]: Starting provider: Revival Ages Diet and Food Spoilage Data Maps
[25сент.2026 17:38:08.269] [main/INFO] [net.minecraft.data.DataGenerator/]: Revival Ages Diet and Food Spoilage Data Maps finished after 20 ms
[25сент.2026 17:38:08.269] [main/INFO] [net.minecraft.data.DataGenerator/]: Starting provider: Revival Ages content availability manifest
[25сент.2026 17:38:08.351] [main/INFO] [net.minecraft.data.DataGenerator/]: Revival Ages content availability manifest finished after 88 ms
[25сент.2026 17:38:08.351] [main/INFO] [net.minecraft.data.DataGenerator/]: Starting provider: Revival Ages Diet Toughness Icon
[25сент.2026 17:38:08.420] [main/INFO] [net.minecraft.data.DataGenerator/]: Revival Ages Diet Toughness Icon finished after 53 ms
[25сент.2026 17:38:08.420] [main/INFO] [net.minecraft.data.DataGenerator/]: All providers took: 540 ms
[25сент.2026 17:38:08.428] [main/INFO] [net.minecraft.data.HashCache/]: Caching: total files: 7, old count: 7, new count: 8, removed stale: 0, written: 0
